Collecting poetry==2.2.1
  Downloading poetry-2.2.1-py3-none-any.whl.metadata (7.4 kB)
Collecting build<2.0.0,>=1.2.1 (from poetry==2.2.1)
  Using cached build-1.3.0-py3-none-any.whl.metadata (5.6 kB)
Collecting cachecontrol<0.15.0,>=0.14.0 (from cachecontrol[filecache]<0.15.0,>=0.14.0->poetry==2.2.1)
  Downloading cachecontrol-0.14.3-py3-none-any.whl.metadata (3.1 kB)
Collecting cleo<3.0.0,>=2.1.0 (from poetry==2.2.1)
  Downloading cleo-2.1.0-py3-none-any.whl.metadata (12 kB)
Collecting dulwich<0.25.0,>=0.24.0 (from poetry==2.2.1)
  Downloading dulwich-0.24.1-cp312-cp312-manylinux_2_28_x86_64.whl.metadata (5.2 kB)
Collecting fastjsonschema<3.0.0,>=2.18.0 (from poetry==2.2.1)
  Downloading fastjsonschema-2.21.2-py3-none-any.whl.metadata (2.3 kB)
Collecting findpython<0.8.0,>=0.6.2 (from poetry==2.2.1)
  Downloading findpython-0.7.0-py3-none-any.whl.metadata (5.4 kB)
Collecting installer<0.8.0,>=0.7.0 (from poetry==2.2.1)
  Downloading installer-0.7.0-py3-none-any.whl.metadata (936 bytes)
Collecting keyring<26.0.0,>=25.1.0 (from poetry==2.2.1)
  Downloading keyring-25.6.0-py3-none-any.whl.metadata (20 kB)
Collecting packaging>=24.2 (from poetry==2.2.1)
  Using cached packaging-25.0-py3-none-any.whl.metadata (3.3 kB)
Collecting pbs-installer<2026.0.0,>=2025.1.6 (from pbs-installer[download,install]<2026.0.0,>=2025.1.6->poetry==2.2.1)
  Downloading pbs_installer-2025.9.18-py3-none-any.whl.metadata (991 bytes)
Collecting pkginfo<2.0,>=1.12 (from poetry==2.2.1)
  Downloading pkginfo-1.12.1.2-py3-none-any.whl.metadata (13 kB)
Collecting platformdirs<5,>=3.0.0 (from poetry==2.2.1)
  Using cached platformdirs-4.4.0-py3-none-any.whl.metadata (12 kB)
Collecting poetry-core==2.2.1 (from poetry==2.2.1)
  Downloading poetry_core-2.2.1-py3-none-any.whl.metadata (3.8 kB)
Collecting pyproject-hooks<2.0.0,>=1.0.0 (from poetry==2.2.1)
  Using cached pyproject_hooks-1.2.0-py3-none-any.whl.metadata (1.3 kB)
Collecting requests<3.0,>=2.26 (from poetry==2.2.1)
  Using cached requests-2.32.5-py3-none-any.whl.metadata (4.9 kB)
Collecting requests-toolbelt<2.0.0,>=1.0.0 (from poetry==2.2.1)
  Using cached requests_toolbelt-1.0.0-py2.py3-none-any.whl.metadata (14 kB)
Collecting shellingham<2.0,>=1.5 (from poetry==2.2.1)
  Using cached shellingham-1.5.4-py2.py3-none-any.whl.metadata (3.5 kB)
Collecting tomlkit<1.0.0,>=0.11.4 (from poetry==2.2.1)
  Downloading tomlkit-0.13.3-py3-none-any.whl.metadata (2.8 kB)
Collecting trove-classifiers>=2022.5.19 (from poetry==2.2.1)
  Downloading trove_classifiers-2025.9.11.17-py3-none-any.whl.metadata (2.4 kB)
Collecting virtualenv>=20.26.6 (from poetry==2.2.1)
  Downloading virtualenv-20.34.0-py3-none-any.whl.metadata (4.6 kB)
Collecting msgpack<2.0.0,>=0.5.2 (from cachecontrol<0.15.0,>=0.14.0->cachecontrol[filecache]<0.15.0,>=0.14.0->poetry==2.2.1)
  Downloading msgpack-1.1.1-cp312-cp312-manylinux_2_17_x86_64.manylinux2014_x86_64.whl.metadata (8.4 kB)
Collecting filelock>=3.8.0 (from cachecontrol[filecache]<0.15.0,>=0.14.0->poetry==2.2.1)
  Using cached filelock-3.19.1-py3-none-any.whl.metadata (2.1 kB)
Collecting crashtest<0.5.0,>=0.4.1 (from cleo<3.0.0,>=2.1.0->poetry==2.2.1)
  Downloading crashtest-0.4.1-py3-none-any.whl.metadata (1.1 kB)
Could not fetch URL https://pypi.org/simple/rapidfuzz/: There was a problem confirming the ssl certificate: [SSL: DECRYPTION_FAILED_OR_BAD_RECORD_MAC] decryption failed or bad record mac (_ssl.c:2559) - skipping
INFO: pip is looking at multiple versions of cleo to determine which version is compatible with other requirements. This could take a while.
Collecting cachecontrol[filecache]<0.15.0,>=0.14.0 (from poetry==2.2.1)
  Downloading cachecontrol-0.14.2-py3-none-any.whl.metadata (3.1 kB)
Collecting build<2.0.0,>=1.2.1 (from poetry==2.2.1)
  Downloading build-1.2.2.post1-py3-none-any.whl.metadata (6.5 kB)
ERROR: Ignored the following versions that require a different python version: 0.6.2 Requires-Python <4.0.0.0,>=3.4.0.0,>=2.7.0.0,<2.8.0.0; 0.6.3 Requires-Python <4.0.0.0,>=3.4.0.0,>=2.7.0.0,<2.8.0.0
ERROR: Could not find a version that satisfies the requirement rapidfuzz<4.0.0,>=3.0.0 (from cleo) (from versions: none)
ERROR: No matching distribution found for rapidfuzz<4.0.0,>=3.0.0

Traceback:

  File "<stdin>", line 937, in main
  File "<stdin>", line 574, in run
  File "<stdin>", line 596, in install
  File "<stdin>", line 699, in install_poetry
  File "<stdin>", line 389, in pip
  File "<stdin>", line 386, in python
  File "<stdin>", line 379, in run
